172.19.0.5 - - [28/Oct/2024:19:31:51 +0000] "POST /api/webhook/bot/Calories365Test_bot HTTP/1.1" 500 1139006 "-" "-"
172.19.0.5 - - [28/Oct/2024:19:31:55 +0000] "POST /api/webhook/bot/Calories365Test_bot HTTP/1.1" 200 51 "-" "-"
172.19.0.5 - - [28/Oct/2024:19:34:28 +0000] "POST /api/webhook/bot/Calories365Test_bot HTTP/1.1" 500 1135754 "-" "-"
172.19.0.5 - - [28/Oct/2024:19:34:29 +0000] "POST /api/webhook/bot/Calories365Test_bot HTTP/1.1" 500 1135839 "-" "-"
172.19.0.5 - - [28/Oct/2024:19:34:31 +0000] "POST /api/webhook/bot/Calories365Test_bot HTTP/1.1" 500 1135870 "-" "-"
172.19.0.5 - - [28/Oct/2024:19:34:37 +0000] "POST /api/webhook/bot/Calories365Test_bot HTTP/1.1" 500 1135855 "-" "-"
172.19.0.5 - - [28/Oct/2024:19:34:45 +0000] "POST /api/webhook/bot/Calories365Test_bot HTTP/1.1" 200 51 "-" "-"
172.19.0.5 - - [28/Oct/2024:19:38:55 +0000] "POST /api/webhook/bot/Calories365Test_bot HTTP/1.1" 200 51 "-" "-"
192.168.65.1 - - [28/Oct/2024:19:41:14 +0000] "GET /login HTTP/1.1" 200 490 "http://calories365.loc/login" "Mozilla/5.0 (Macintosh; Intel Mac OS X 10_15_7) AppleWebKit/537.36 (KHTML, like Gecko) Chrome/130.0.0.0 Safari/537.36"
192.168.65.1 - - [28/Oct/2024:19:41:14 +0000] "GET /showBots/5 HTTP/1.1" 200 396 "http://bot-panel.loc/showBots/5" "Mozilla/5.0 (Macintosh; Intel Mac OS X 10_15_7) AppleWebKit/537.36 (KHTML, like Gecko) Chrome/130.0.0.0 Safari/537.36"
192.168.65.1 - - [28/Oct/2024:19:41:14 +0000] "GET /sanctum/csrf-cookie HTTP/1.1" 204 0 "http://bot-panel.loc/showBots/5" "Mozilla/5.0 (Macintosh; Intel Mac OS X 10_15_7) AppleWebKit/537.36 (KHTML, like Gecko) Chrome/130.0.0.0 Safari/537.36"
192.168.65.1 - - [28/Oct/2024:19:41:14 +0000] "GET /api/user HTTP/1.1" 200 107 "http://bot-panel.loc/showBots/5" "Mozilla/5.0 (Macintosh; Intel Mac OS X 10_15_7) AppleWebKit/537.36 (KHTML, like Gecko) Chrome/130.0.0.0 Safari/537.36"
192.168.65.1 - - [28/Oct/2024:19:41:15 +0000] "GET /sanctum/csrf-cookie HTTP/1.1" 204 0 "http://calories365.loc/login" "Mozilla/5.0 (Macintosh; Intel Mac OS X 10_15_7) AppleWebKit/537.36 (KHTML, like Gecko) Chrome/130.0.0.0 Safari/537.36"
192.168.65.1 - - [28/Oct/2024:19:41:15 +0000] "GET /api/user HTTP/1.1" 401 41 "http://calories365.loc/login" "Mozilla/5.0 (Macintosh; Intel Mac OS X 10_15_7) AppleWebKit/537.36 (KHTML, like Gecko) Chrome/130.0.0.0 Safari/537.36"
192.168.65.1 - - [28/Oct/2024:19:41:15 +0000] "GET /api/bots/5 HTTP/1.1" 200 398 "http://bot-panel.loc/showBots/5" "Mozilla/5.0 (Macintosh; Intel Mac OS X 10_15_7) AppleWebKit/537.36 (KHTML, like Gecko) Chrome/130.0.0.0 Safari/537.36"
192.168.65.1 - - [28/Oct/2024:19:41:15 +0000] "GET /images/xo8aOkTgabFfthYY6y1vJXkenBK68KCJYZIgZqrb.png HTTP/1.1" 200 2363544 "http://bot-panel.loc/showBots/5" "Mozilla/5.0 (Macintosh; Intel Mac OS X 10_15_7) AppleWebKit/537.36 (KHTML, like Gecko) Chrome/130.0.0.0 Safari/537.36"
192.168.65.1 - - [28/Oct/2024:19:41:15 +0000] "GET /api/get-bot-user-data/5 HTTP/1.1" 200 139 "http://bot-panel.loc/showBots/5" "Mozilla/5.0 (Macintosh; Intel Mac OS X 10_15_7) AppleWebKit/537.36 (KHTML, like Gecko) Chrome/130.0.0.0 Safari/537.36"
192.168.65.1 - - [29/Oct/2024:09:58:37 +0000] "GET /showBots/5 HTTP/1.1" 200 396 "http://bot-panel.loc/showBots/5" "Mozilla/5.0 (Macintosh; Intel Mac OS X 10_15_7) AppleWebKit/537.36 (KHTML, like Gecko) Chrome/130.0.0.0 Safari/537.36"
192.168.65.1 - - [29/Oct/2024:09:58:37 +0000] "GET /sanctum/csrf-cookie HTTP/1.1" 204 0 "http://bot-panel.loc/showBots/5" "Mozilla/5.0 (Macintosh; Intel Mac OS X 10_15_7) AppleWebKit/537.36 (KHTML, like Gecko) Chrome/130.0.0.0 Safari/537.36"
192.168.65.1 - - [29/Oct/2024:09:58:37 +0000] "GET /api/user HTTP/1.1" 401 41 "http://bot-panel.loc/showBots/5" "Mozilla/5.0 (Macintosh; Intel Mac OS X 10_15_7) AppleWebKit/537.36 (KHTML, like Gecko) Chrome/130.0.0.0 Safari/537.36"
192.168.65.1 - - [29/Oct/2024:09:58:45 +0000] "POST /login HTTP/1.1" 200 114 "http://bot-panel.loc/login" "Mozilla/5.0 (Macintosh; Intel Mac OS X 10_15_7) AppleWebKit/537.36 (KHTML, like Gecko) Chrome/130.0.0.0 Safari/537.36"
192.168.65.1 - - [29/Oct/2024:09:58:45 +0000] "GET /api/user HTTP/1.1" 200 107 "http://bot-panel.loc/login" "Mozilla/5.0 (Macintosh; Intel Mac OS X 10_15_7) AppleWebKit/537.36 (KHTML, like Gecko) Chrome/130.0.0.0 Safari/537.36"
192.168.65.1 - - [29/Oct/2024:09:58:45 +0000] "GET /api/bots?page=1&per_page=10 HTTP/1.1" 200 934 "http://bot-panel.loc/showBots" "Mozilla/5.0 (Macintosh; Intel Mac OS X 10_15_7) AppleWebKit/537.36 (KHTML, like Gecko) Chrome/130.0.0.0 Safari/537.36"
192.168.65.1 - - [29/Oct/2024:09:58:47 +0000] "GET /api/bots/5 HTTP/1.1" 200 398 "http://bot-panel.loc/showBots/5" "Mozilla/5.0 (Macintosh; Intel Mac OS X 10_15_7) AppleWebKit/537.36 (KHTML, like Gecko) Chrome/130.0.0.0 Safari/537.36"
192.168.65.1 - - [29/Oct/2024:09:58:47 +0000] "GET /images/xo8aOkTgabFfthYY6y1vJXkenBK68KCJYZIgZqrb.png HTTP/1.1" 200 2363521 "http://bot-panel.loc/showBots/5" "Mozilla/5.0 (Macintosh; Intel Mac OS X 10_15_7) AppleWebKit/537.36 (KHTML, like Gecko) Chrome/130.0.0.0 Safari/537.36"
192.168.65.1 - - [29/Oct/2024:09:58:47 +0000] "GET /api/get-bot-user-data/5 HTTP/1.1" 200 141 "http://bot-panel.loc/showBots/5" "Mozilla/5.0 (Macintosh; Intel Mac OS X 10_15_7) AppleWebKit/537.36 (KHTML, like Gecko) Chrome/130.0.0.0 Safari/537.36"
192.168.65.1 - - [29/Oct/2024:09:58:54 +0000] "POST /api/bots/update/5 HTTP/1.1" 200 400 "http://bot-panel.loc/showBots/5" "Mozilla/5.0 (Macintosh; Intel Mac OS X 10_15_7) AppleWebKit/537.36 (KHTML, like Gecko) Chrome/130.0.0.0 Safari/537.36"
172.19.0.5 - - [29/Oct/2024:09:58:59 +0000] "POST /api/webhook/bot/Calories365Test_bot HTTP/1.1" 200 51 "-" "-"
172.19.0.5 - - [29/Oct/2024:10:02:11 +0000] "POST /api/webhook/bot/Calories365Test_bot HTTP/1.1" 200 51 "-" "-"
172.19.0.5 - - [29/Oct/2024:10:04:26 +0000] "POST /api/webhook/bot/Calories365Test_bot HTTP/1.1" 200 51 "-" "-"
172.19.0.5 - - [29/Oct/2024:10:04:30 +0000] "POST /api/webhook/bot/Calories365Test_bot HTTP/1.1" 200 51 "-" "-"
192.168.65.1 - - [29/Oct/2024:10:12:30 +0000] "POST /api/bots/update/5 HTTP/1.1" 200 400 "http://bot-panel.loc/showBots/5" "Mozilla/5.0 (Macintosh; Intel Mac OS X 10_15_7) AppleWebKit/537.36 (KHTML, like Gecko) Chrome/130.0.0.0 Safari/537.36"
172.19.0.5 - - [29/Oct/2024:10:12:40 +0000] "POST /api/webhook/bot/Calories365Test_bot HTTP/1.1" 500 1122273 "-" "-"
172.19.0.5 - - [29/Oct/2024:10:12:41 +0000] "POST /api/webhook/bot/Calories365Test_bot HTTP/1.1" 500 1122350 "-" "-"
172.19.0.5 - - [29/Oct/2024:10:12:44 +0000] "POST /api/webhook/bot/Calories365Test_bot HTTP/1.1" 500 1122391 "-" "-"
172.19.0.5 - - [29/Oct/2024:10:12:49 +0000] "POST /api/webhook/bot/Calories365Test_bot HTTP/1.1" 500 1122377 "-" "-"
172.19.0.5 - - [29/Oct/2024:10:12:57 +0000] "POST /api/webhook/bot/Calories365Test_bot HTTP/1.1" 200 51 "-" "-"
172.19.0.5 - - [29/Oct/2024:10:13:57 +0000] "POST /api/webhook/bot/Calories365Test_bot HTTP/1.1" 200 51 "-" "-"
172.19.0.5 - - [29/Oct/2024:10:15:47 +0000] "POST /api/webhook/bot/Calories365Test_bot HTTP/1.1" 200 51 "-" "-"
192.168.65.1 - - [29/Oct/2024:10:17:30 +0000] "POST /api/bots/update/5 HTTP/1.1" 200 400 "http://bot-panel.loc/showBots/5" "Mozilla/5.0 (Macintosh; Intel Mac OS X 10_15_7) AppleWebKit/537.36 (KHTML, like Gecko) Chrome/130.0.0.0 Safari/537.36"
192.168.65.1 - - [29/Oct/2024:10:17:33 +0000] "POST /api/bots/update/5 HTTP/1.1" 200 402 "http://bot-panel.loc/showBots/5" "Mozilla/5.0 (Macintosh; Intel Mac OS X 10_15_7) AppleWebKit/537.36 (KHTML, like Gecko) Chrome/130.0.0.0 Safari/537.36"
172.19.0.5 - - [29/Oct/2024:10:17:36 +0000] "POST /api/webhook/bot/Calories365Test_bot HTTP/1.1" 500 1122377 "-" "-"
172.19.0.5 - - [29/Oct/2024:10:17:38 +0000] "POST /api/webhook/bot/Calories365Test_bot HTTP/1.1" 500 1122377 "-" "-"
172.19.0.5 - - [29/Oct/2024:10:17:42 +0000] "POST /api/webhook/bot/Calories365Test_bot HTTP/1.1" 500 1122368 "-" "-"
172.19.0.5 - - [29/Oct/2024:10:17:49 +0000] "POST /api/webhook/bot/Calories365Test_bot HTTP/1.1" 500 1122401 "-" "-"
172.19.0.5 - - [29/Oct/2024:10:17:58 +0000] "POST /api/webhook/bot/Calories365Test_bot HTTP/1.1" 500 1122356 "-" "-"
172.19.0.5 - - [29/Oct/2024:10:18:15 +0000] "POST /api/webhook/bot/Calories365Test_bot HTTP/1.1" 200 51 "-" "-"
172.19.0.5 - - [29/Oct/2024:10:18:15 +0000] "POST /api/webhook/bot/Calories365Test_bot HTTP/1.1" 200 51 "-" "-"
192.168.65.1 - - [29/Oct/2024:10:19:10 +0000] "POST /api/bots/update/5 HTTP/1.1" 200 402 "http://bot-panel.loc/showBots/5" "Mozilla/5.0 (Macintosh; Intel Mac OS X 10_15_7) AppleWebKit/537.36 (KHTML, like Gecko) Chrome/130.0.0.0 Safari/537.36"
172.19.0.5 - - [29/Oct/2024:10:19:15 +0000] "POST /api/webhook/bot/Calories365Test_bot HTTP/1.1" 200 51 "-" "-"
172.19.0.5 - - [29/Oct/2024:10:19:40 +0000] "POST /api/webhook/bot/Calories365Test_bot HTTP/1.1" 200 51 "-" "-"
172.19.0.5 - - [29/Oct/2024:10:19:43 +0000] "POST /api/webhook/bot/Calories365Test_bot HTTP/1.1" 200 51 "-" "-"
172.19.0.5 - - [29/Oct/2024:10:19:47 +0000] "POST /api/webhook/bot/Calories365Test_bot HTTP/1.1" 200 51 "-" "-"
172.19.0.5 - - [29/Oct/2024:10:19:52 +0000] "POST /api/webhook/bot/Calories365Test_bot HTTP/1.1" 200 51 "-" "-"
192.168.65.1 - - [29/Oct/2024:10:20:35 +0000] "GET /showBots/5 HTTP/1.1" 200 396 "http://bot-panel.loc/showBots/5" "Mozilla/5.0 (Macintosh; Intel Mac OS X 10_15_7) AppleWebKit/537.36 (KHTML, like Gecko) Chrome/130.0.0.0 Safari/537.36"
192.168.65.1 - - [29/Oct/2024:10:20:35 +0000] "GET /sanctum/csrf-cookie HTTP/1.1" 204 0 "http://bot-panel.loc/showBots/5" "Mozilla/5.0 (Macintosh; Intel Mac OS X 10_15_7) AppleWebKit/537.36 (KHTML, like Gecko) Chrome/130.0.0.0 Safari/537.36"
192.168.65.1 - - [29/Oct/2024:10:20:35 +0000] "GET /api/user HTTP/1.1" 200 107 "http://bot-panel.loc/showBots/5" "Mozilla/5.0 (Macintosh; Intel Mac OS X 10_15_7) AppleWebKit/537.36 (KHTML, like Gecko) Chrome/130.0.0.0 Safari/537.36"
192.168.65.1 - - [29/Oct/2024:10:20:35 +0000] "GET /api/bots/5 HTTP/1.1" 200 402 "http://bot-panel.loc/showBots/5" "Mozilla/5.0 (Macintosh; Intel Mac OS X 10_15_7) AppleWebKit/537.36 (KHTML, like Gecko) Chrome/130.0.0.0 Safari/537.36"
192.168.65.1 - - [29/Oct/2024:10:20:35 +0000] "GET /api/get-bot-user-data/5 HTTP/1.1" 200 139 "http://bot-panel.loc/showBots/5" "Mozilla/5.0 (Macintosh; Intel Mac OS X 10_15_7) AppleWebKit/537.36 (KHTML, like Gecko) Chrome/130.0.0.0 Safari/537.36"
192.168.65.1 - - [29/Oct/2024:10:20:47 +0000] "GET /api/managers?page=1&per_page=10 HTTP/1.1" 200 285 "http://bot-panel.loc/showManagers" "Mozilla/5.0 (Macintosh; Intel Mac OS X 10_15_7) AppleWebKit/537.36 (KHTML, like Gecko) Chrome/130.0.0.0 Safari/537.36"
192.168.65.1 - - [29/Oct/2024:10:20:49 +0000] "GET /api/managers/1 HTTP/1.1" 200 85 "http://bot-panel.loc/showManagers/1" "Mozilla/5.0 (Macintosh; Intel Mac OS X 10_15_7) AppleWebKit/537.36 (KHTML, like Gecko) Chrome/130.0.0.0 Safari/537.36"
192.168.65.1 - - [29/Oct/2024:10:20:50 +0000] "GET /api/managers?page=1&per_page=10 HTTP/1.1" 200 285 "http://bot-panel.loc/showManagers" "Mozilla/5.0 (Macintosh; Intel Mac OS X 10_15_7) AppleWebKit/537.36 (KHTML, like Gecko) Chrome/130.0.0.0 Safari/537.36"
192.168.65.1 - - [29/Oct/2024:10:37:38 +0000] "GET /showManagers HTTP/1.1" 200 396 "http://bot-panel.loc/showManagers" "Mozilla/5.0 (Macintosh; Intel Mac OS X 10_15_7) AppleWebKit/537.36 (KHTML, like Gecko) Chrome/130.0.0.0 Safari/537.36"
192.168.65.1 - - [29/Oct/2024:10:37:38 +0000] "GET /login HTTP/1.1" 200 490 "http://calories365.loc/login" "Mozilla/5.0 (Macintosh; Intel Mac OS X 10_15_7) AppleWebKit/537.36 (KHTML, like Gecko) Chrome/130.0.0.0 Safari/537.36"
192.168.65.1 - - [29/Oct/2024:10:37:38 +0000] "GET /sanctum/csrf-cookie HTTP/1.1" 204 0 "http://bot-panel.loc/showManagers" "Mozilla/5.0 (Macintosh; Intel Mac OS X 10_15_7) AppleWebKit/537.36 (KHTML, like Gecko) Chrome/130.0.0.0 Safari/537.36"
192.168.65.1 - - [29/Oct/2024:10:37:38 +0000] "GET /api/user HTTP/1.1" 200 107 "http://bot-panel.loc/showManagers" "Mozilla/5.0 (Macintosh; Intel Mac OS X 10_15_7) AppleWebKit/537.36 (KHTML, like Gecko) Chrome/130.0.0.0 Safari/537.36"
192.168.65.1 - - [29/Oct/2024:10:37:38 +0000] "GET /images/icons8-calories-80.png HTTP/1.1" 304 0 "http://calories365.loc/login" "Mozilla/5.0 (Macintosh; Intel Mac OS X 10_15_7) AppleWebKit/537.36 (KHTML, like Gecko) Chrome/130.0.0.0 Safari/537.36"
192.168.65.1 - - [29/Oct/2024:10:37:38 +0000] "GET /sanctum/csrf-cookie HTTP/1.1" 204 0 "http://calories365.loc/login" "Mozilla/5.0 (Macintosh; Intel Mac OS X 10_15_7) AppleWebKit/537.36 (KHTML, like Gecko) Chrome/130.0.0.0 Safari/537.36"
192.168.65.1 - - [29/Oct/2024:10:37:38 +0000] "GET /api/managers?page=1&per_page=10 HTTP/1.1" 200 285 "http://bot-panel.loc/showManagers" "Mozilla/5.0 (Macintosh; Intel Mac OS X 10_15_7) AppleWebKit/537.36 (KHTML, like Gecko) Chrome/130.0.0.0 Safari/537.36"
192.168.65.1 - - [29/Oct/2024:10:37:38 +0000] "GET /api/user HTTP/1.1" 401 41 "http://calories365.loc/login" "Mozilla/5.0 (Macintosh; Intel Mac OS X 10_15_7) AppleWebKit/537.36 (KHTML, like Gecko) Chrome/130.0.0.0 Safari/537.36"
192.168.65.1 - - [29/Oct/2024:10:37:43 +0000] "GET /login HTTP/1.1" 200 490 "http://calories365.loc/login" "Mozilla/5.0 (Macintosh; Intel Mac OS X 10_15_7) AppleWebKit/537.36 (KHTML, like Gecko) Chrome/130.0.0.0 Safari/537.36"
192.168.65.1 - - [29/Oct/2024:10:37:43 +0000] "GET /showManagers HTTP/1.1" 200 396 "http://bot-panel.loc/showManagers" "Mozilla/5.0 (Macintosh; Intel Mac OS X 10_15_7) AppleWebKit/537.36 (KHTML, like Gecko) Chrome/130.0.0.0 Safari/537.36"
192.168.65.1 - - [29/Oct/2024:10:37:43 +0000] "GET /sanctum/csrf-cookie HTTP/1.1" 204 0 "http://bot-panel.loc/showManagers" "Mozilla/5.0 (Macintosh; Intel Mac OS X 10_15_7) AppleWebKit/537.36 (KHTML, like Gecko) Chrome/130.0.0.0 Safari/537.36"
192.168.65.1 - - [29/Oct/2024:10:37:44 +0000] "GET /api/user HTTP/1.1" 200 107 "http://bot-panel.loc/showManagers" "Mozilla/5.0 (Macintosh; Intel Mac OS X 10_15_7) AppleWebKit/537.36 (KHTML, like Gecko) Chrome/130.0.0.0 Safari/537.36"
192.168.65.1 - - [29/Oct/2024:10:37:44 +0000] "GET /sanctum/csrf-cookie HTTP/1.1" 204 0 "http://calories365.loc/login" "Mozilla/5.0 (Macintosh; Intel Mac OS X 10_15_7) AppleWebKit/537.36 (KHTML, like Gecko) Chrome/130.0.0.0 Safari/537.36"
192.168.65.1 - - [29/Oct/2024:10:37:44 +0000] "GET /api/user HTTP/1.1" 401 41 "http://calories365.loc/login" "Mozilla/5.0 (Macintosh; Intel Mac OS X 10_15_7) AppleWebKit/537.36 (KHTML, like Gecko) Chrome/130.0.0.0 Safari/537.36"
192.168.65.1 - - [29/Oct/2024:10:37:44 +0000] "GET /api/managers?page=1&per_page=10 HTTP/1.1" 200 285 "http://bot-panel.loc/showManagers" "Mozilla/5.0 (Macintosh; Intel Mac OS X 10_15_7) AppleWebKit/537.36 (KHTML, like Gecko) Chrome/130.0.0.0 Safari/537.36"
192.168.65.1 - - [29/Oct/2024:11:55:58 +0000] "GET /login HTTP/1.1" 200 490 "http://calories365.loc/login" "Mozilla/5.0 (Macintosh; Intel Mac OS X 10_15_7) AppleWebKit/537.36 (KHTML, like Gecko) Chrome/130.0.0.0 Safari/537.36"
192.168.65.1 - - [29/Oct/2024:11:55:59 +0000] "GET /sanctum/csrf-cookie HTTP/1.1" 204 0 "http://calories365.loc/login" "Mozilla/5.0 (Macintosh; Intel Mac OS X 10_15_7) AppleWebKit/537.36 (KHTML, like Gecko) Chrome/130.0.0.0 Safari/537.36"
192.168.65.1 - - [29/Oct/2024:11:55:59 +0000] "GET /api/user HTTP/1.1" 401 41 "http://calories365.loc/login" "Mozilla/5.0 (Macintosh; Intel Mac OS X 10_15_7) AppleWebKit/537.36 (KHTML, like Gecko) Chrome/130.0.0.0 Safari/537.36"
192.168.65.1 - - [29/Oct/2024:13:21:55 +0000] "GET /showManagers HTTP/1.1" 200 396 "http://bot-panel.loc/showManagers" "Mozilla/5.0 (Macintosh; Intel Mac OS X 10_15_7) AppleWebKit/537.36 (KHTML, like Gecko) Chrome/130.0.0.0 Safari/537.36"
192.168.65.1 - - [29/Oct/2024:13:21:56 +0000] "GET /sanctum/csrf-cookie HTTP/1.1" 204 0 "http://bot-panel.loc/showManagers" "Mozilla/5.0 (Macintosh; Intel Mac OS X 10_15_7) AppleWebKit/537.36 (KHTML, like Gecko) Chrome/130.0.0.0 Safari/537.36"
192.168.65.1 - - [29/Oct/2024:13:21:56 +0000] "GET /api/user HTTP/1.1" 401 41 "http://bot-panel.loc/showManagers" "Mozilla/5.0 (Macintosh; Intel Mac OS X 10_15_7) AppleWebKit/537.36 (KHTML, like Gecko) Chrome/130.0.0.0 Safari/537.36"
192.168.65.1 - - [29/Oct/2024:13:22:04 +0000] "POST /login HTTP/1.1" 200 114 "http://bot-panel.loc/login" "Mozilla/5.0 (Macintosh; Intel Mac OS X 10_15_7) AppleWebKit/537.36 (KHTML, like Gecko) Chrome/130.0.0.0 Safari/537.36"
192.168.65.1 - - [29/Oct/2024:13:22:04 +0000] "GET /api/user HTTP/1.1" 200 107 "http://bot-panel.loc/login" "Mozilla/5.0 (Macintosh; Intel Mac OS X 10_15_7) AppleWebKit/537.36 (KHTML, like Gecko) Chrome/130.0.0.0 Safari/537.36"
192.168.65.1 - - [29/Oct/2024:13:22:04 +0000] "GET /api/bots?page=1&per_page=10 HTTP/1.1" 200 937 "http://bot-panel.loc/showBots" "Mozilla/5.0 (Macintosh; Intel Mac OS X 10_15_7) AppleWebKit/537.36 (KHTML, like Gecko) Chrome/130.0.0.0 Safari/537.36"
192.168.65.1 - - [29/Oct/2024:13:22:06 +0000] "GET /api/bots/5 HTTP/1.1" 200 402 "http://bot-panel.loc/showBots/5" "Mozilla/5.0 (Macintosh; Intel Mac OS X 10_15_7) AppleWebKit/537.36 (KHTML, like Gecko) Chrome/130.0.0.0 Safari/537.36"
192.168.65.1 - - [29/Oct/2024:13:22:06 +0000] "GET /api/get-bot-user-data/5 HTTP/1.1" 200 139 "http://bot-panel.loc/showBots/5" "Mozilla/5.0 (Macintosh; Intel Mac OS X 10_15_7) AppleWebKit/537.36 (KHTML, like Gecko) Chrome/130.0.0.0 Safari/537.36"
192.168.65.1 - - [29/Oct/2024:13:22:08 +0000] "GET /images/xo8aOkTgabFfthYY6y1vJXkenBK68KCJYZIgZqrb.png HTTP/1.1" 200 2363521 "http://bot-panel.loc/showBots/5" "Mozilla/5.0 (Macintosh; Intel Mac OS X 10_15_7) AppleWebKit/537.36 (KHTML, like Gecko) Chrome/130.0.0.0 Safari/537.36"
192.168.65.1 - - [29/Oct/2024:13:22:10 +0000] "POST /api/bots/update/5 HTTP/1.1" 200 402 "http://bot-panel.loc/showBots/5" "Mozilla/5.0 (Macintosh; Intel Mac OS X 10_15_7) AppleWebKit/537.36 (KHTML, like Gecko) Chrome/130.0.0.0 Safari/537.36"
172.19.0.5 - - [29/Oct/2024:13:22:21 +0000] "POST /api/webhook/bot/Calories365Test_bot HTTP/1.1" 200 51 "-" "-"
172.19.0.5 - - [29/Oct/2024:13:23:23 +0000] "POST /api/webhook/bot/Calories365Test_bot HTTP/1.1" 200 51 "-" "-"
172.19.0.5 - - [29/Oct/2024:13:32:26 +0000] "POST /api/webhook/bot/Calories365Test_bot HTTP/1.1" 500 1277661 "-" "-"
172.19.0.5 - - [29/Oct/2024:13:32:26 +0000] "POST /api/webhook/bot/Calories365Test_bot HTTP/1.1" 500 1277700 "-" "-"
172.19.0.5 - - [29/Oct/2024:13:32:28 +0000] "POST /api/webhook/bot/Calories365Test_bot HTTP/1.1" 500 1277676 "-" "-"
172.19.0.5 - - [29/Oct/2024:13:32:33 +0000] "POST /api/webhook/bot/Calories365Test_bot HTTP/1.1" 500 1277676 "-" "-"
172.19.0.5 - - [29/Oct/2024:13:32:41 +0000] "POST /api/webhook/bot/Calories365Test_bot HTTP/1.1" 500 1277699 "-" "-"
172.19.0.5 - - [29/Oct/2024:13:32:58 +0000] "POST /api/webhook/bot/Calories365Test_bot HTTP/1.1" 500 1277661 "-" "-"
172.19.0.5 - - [29/Oct/2024:13:33:30 +0000] "POST /api/webhook/bot/Calories365Test_bot HTTP/1.1" 500 1277669 "-" "-"
172.19.0.5 - - [29/Oct/2024:13:34:32 +0000] "POST /api/webhook/bot/Calories365Test_bot HTTP/1.1" 200 51 "-" "-"
172.19.0.5 - - [29/Oct/2024:13:34:50 +0000] "POST /api/webhook/bot/Calories365Test_bot HTTP/1.1" 200 51 "-" "-"
172.19.0.5 - - [29/Oct/2024:13:35:05 +0000] "POST /api/webhook/bot/Calories365Test_bot HTTP/1.1" 200 51 "-" "-"
172.19.0.5 - - [29/Oct/2024:13:38:43 +0000] "POST /api/webhook/bot/Calories365Test_bot HTTP/1.1" 200 51 "-" "-"
172.19.0.5 - - [29/Oct/2024:13:39:22 +0000] "POST /api/webhook/bot/Calories365Test_bot HTTP/1.1" 200 51 "-" "-"
172.19.0.5 - - [29/Oct/2024:13:39:57 +0000] "POST /api/webhook/bot/Calories365Test_bot HTTP/1.1" 200 51 "-" "-"
172.19.0.5 - - [29/Oct/2024:13:40:31 +0000] "POST /api/webhook/bot/Calories365Test_bot HTTP/1.1" 200 51 "-" "-"
172.19.0.5 - - [29/Oct/2024:13:41:58 +0000] "POST /api/webhook/bot/Calories365Test_bot HTTP/1.1" 200 51 "-" "-"
172.19.0.5 - - [29/Oct/2024:13:42:19 +0000] "POST /api/webhook/bot/Calories365Test_bot HTTP/1.1" 200 51 "-" "-"
192.168.65.1 - - [29/Oct/2024:14:06:22 +0000] "POST /login HTTP/1.1" 419 11111 "http://calories365.loc/login" "Mozilla/5.0 (Macintosh; Intel Mac OS X 10_15_7) AppleWebKit/537.36 (KHTML, like Gecko) Chrome/130.0.0.0 Safari/537.36"
192.168.65.1 - - [29/Oct/2024:14:06:47 +0000] "POST /login HTTP/1.1" 419 11111 "http://calories365.loc/login" "Mozilla/5.0 (Macintosh; Intel Mac OS X 10_15_7) AppleWebKit/537.36 (KHTML, like Gecko) Chrome/130.0.0.0 Safari/537.36"
192.168.65.1 - - [29/Oct/2024:14:06:50 +0000] "GET /login HTTP/1.1" 200 490 "http://calories365.loc/login" "Mozilla/5.0 (Macintosh; Intel Mac OS X 10_15_7) AppleWebKit/537.36 (KHTML, like Gecko) Chrome/130.0.0.0 Safari/537.36"
192.168.65.1 - - [29/Oct/2024:14:06:51 +0000] "GET /sanctum/csrf-cookie HTTP/1.1" 204 0 "http://calories365.loc/login" "Mozilla/5.0 (Macintosh; Intel Mac OS X 10_15_7) AppleWebKit/537.36 (KHTML, like Gecko) Chrome/130.0.0.0 Safari/537.36"
192.168.65.1 - - [29/Oct/2024:14:06:51 +0000] "GET /api/user HTTP/1.1" 401 41 "http://calories365.loc/login" "Mozilla/5.0 (Macintosh; Intel Mac OS X 10_15_7) AppleWebKit/537.36 (KHTML, like Gecko) Chrome/130.0.0.0 Safari/537.36"
192.168.65.1 - - [29/Oct/2024:14:06:53 +0000] "POST /login HTTP/1.1" 200 115 "http://calories365.loc/login" "Mozilla/5.0 (Macintosh; Intel Mac OS X 10_15_7) AppleWebKit/537.36 (KHTML, like Gecko) Chrome/130.0.0.0 Safari/537.36"
192.168.65.1 - - [29/Oct/2024:14:06:53 +0000] "GET /api/user HTTP/1.1" 200 113 "http://calories365.loc/login" "Mozilla/5.0 (Macintosh; Intel Mac OS X 10_15_7) AppleWebKit/537.36 (KHTML, like Gecko) Chrome/130.0.0.0 Safari/537.36"
192.168.65.1 - - [29/Oct/2024:14:06:54 +0000] "GET /api/meals/2024-10-29 HTTP/1.1" 200 33 "http://calories365.loc/diary" "Mozilla/5.0 (Macintosh; Intel Mac OS X 10_15_7) AppleWebKit/537.36 (KHTML, like Gecko) Chrome/130.0.0.0 Safari/537.36"
192.168.65.1 - - [29/Oct/2024:14:06:55 +0000] "GET /api/products/popular HTTP/1.1" 200 303 "http://calories365.loc/diary" "Mozilla/5.0 (Macintosh; Intel Mac OS X 10_15_7) AppleWebKit/537.36 (KHTML, like Gecko) Chrome/130.0.0.0 Safari/537.36"
192.168.65.1 - - [29/Oct/2024:14:06:58 +0000] "GET /api/products/search?query=%D1%82%D0%BE%D0%B2&page=1 HTTP/1.1" 200 723 "http://calories365.loc/diary" "Mozilla/5.0 (Macintosh; Intel Mac OS X 10_15_7) AppleWebKit/537.36 (KHTML, like Gecko) Chrome/130.0.0.0 Safari/537.36"
192.168.65.1 - - [29/Oct/2024:14:07:00 +0000] "GET /api/products/search?query=%D1%82%D0%B2%D0%BE%D1%80%D0%BE%D0%B3&page=1 HTTP/1.1" 200 544 "http://calories365.loc/diary" "Mozilla/5.0 (Macintosh; Intel Mac OS X 10_15_7) AppleWebKit/537.36 (KHTML, like Gecko) Chrome/130.0.0.0 Safari/537.36"
192.168.65.1 - - [29/Oct/2024:14:07:00 +0000] "GET /api/products/search?query=%D1%82%D0%B2%D0%BE%D1%80%D0%BE%D0%B3&page=1 HTTP/1.1" 200 544 "http://calories365.loc/diary" "Mozilla/5.0 (Macintosh; Intel Mac OS X 10_15_7) AppleWebKit/537.36 (KHTML, like Gecko) Chrome/130.0.0.0 Safari/537.36"
192.168.65.1 - - [29/Oct/2024:14:07:06 +0000] "GET /api/products/search?query=%D0%BA%D0%B0%D1%88%D0%B0&page=1 HTTP/1.1" 200 654 "http://calories365.loc/diary" "Mozilla/5.0 (Macintosh; Intel Mac OS X 10_15_7) AppleWebKit/537.36 (KHTML, like Gecko) Chrome/130.0.0.0 Safari/537.36"
192.168.65.1 - - [29/Oct/2024:14:07:06 +0000] "GET /api/products/search?query=%D0%BA%D0%B0%D1%88%D0%B0&page=1 HTTP/1.1" 200 654 "http://calories365.loc/diary" "Mozilla/5.0 (Macintosh; Intel Mac OS X 10_15_7) AppleWebKit/537.36 (KHTML, like Gecko) Chrome/130.0.0.0 Safari/537.36"
192.168.65.1 - - [29/Oct/2024:14:07:10 +0000] "GET /api/products/search?query=%D0%BA%D0%B0%D1%88&page=1 HTTP/1.1" 200 653 "http://calories365.loc/diary" "Mozilla/5.0 (Macintosh; Intel Mac OS X 10_15_7) AppleWebKit/537.36 (KHTML, like Gecko) Chrome/130.0.0.0 Safari/537.36"
192.168.65.1 - - [29/Oct/2024:14:07:10 +0000] "GET /api/products/search?query=%D0%BA%D0%B0%D1%88&page=1 HTTP/1.1" 200 653 "http://calories365.loc/diary" "Mozilla/5.0 (Macintosh; Intel Mac OS X 10_15_7) AppleWebKit/537.36 (KHTML, like Gecko) Chrome/130.0.0.0 Safari/537.36"
192.168.65.1 - - [29/Oct/2024:14:07:12 +0000] "GET /api/products/search?query=%D0%B3%D1%80%D0%B5%D1%87%D0%BA%D0%B0&page=1 HTTP/1.1" 200 530 "http://calories365.loc/diary" "Mozilla/5.0 (Macintosh; Intel Mac OS X 10_15_7) AppleWebKit/537.36 (KHTML, like Gecko) Chrome/130.0.0.0 Safari/537.36"
192.168.65.1 - - [29/Oct/2024:14:07:12 +0000] "GET /api/products/search?query=%D0%B3%D1%80%D0%B5%D1%87%D0%BA%D0%B0&page=1 HTTP/1.1" 200 530 "http://calories365.loc/diary" "Mozilla/5.0 (Macintosh; Intel Mac OS X 10_15_7) AppleWebKit/537.36 (KHTML, like Gecko) Chrome/130.0.0.0 Safari/537.36"
192.168.65.1 - - [29/Oct/2024:14:07:16 +0000] "GET /api/products/search?query=%D0%B3%D1%80%D0%B5%D1%87%D0%B5%D0%BD&page=1 HTTP/1.1" 200 562 "http://calories365.loc/diary" "Mozilla/5.0 (Macintosh; Intel Mac OS X 10_15_7) AppleWebKit/537.36 (KHTML, like Gecko) Chrome/130.0.0.0 Safari/537.36"
192.168.65.1 - - [29/Oct/2024:14:07:16 +0000] "GET /api/products/search?query=%D0%B3%D1%80%D0%B5%D1%87%D0%B5%D0%BD&page=1 HTTP/1.1" 200 562 "http://calories365.loc/diary" "Mozilla/5.0 (Macintosh; Intel Mac OS X 10_15_7) AppleWebKit/537.36 (KHTML, like Gecko) Chrome/130.0.0.0 Safari/537.36"
192.168.65.1 - - [29/Oct/2024:14:07:17 +0000] "GET /api/products/search?query=%D0%B3%D1%80%D0%B5%D1%87%D0%BD%D0%B5%D0%B2%D0%B0%D1%8F&page=1 HTTP/1.1" 200 562 "http://calories365.loc/diary" "Mozilla/5.0 (Macintosh; Intel Mac OS X 10_15_7) AppleWebKit/537.36 (KHTML, like Gecko) Chrome/130.0.0.0 Safari/537.36"
192.168.65.1 - - [29/Oct/2024:14:07:18 +0000] "GET /api/products/search?query=%D0%B3%D1%80%D0%B5%D1%87%D0%BD%D0%B5%D0%B2%D0%B0%D1%8F&page=1 HTTP/1.1" 200 562 "http://calories365.loc/diary" "Mozilla/5.0 (Macintosh; Intel Mac OS X 10_15_7) AppleWebKit/537.36 (KHTML, like Gecko) Chrome/130.0.0.0 Safari/537.36"
192.168.65.1 - - [29/Oct/2024:14:07:19 +0000] "GET /api/products/search?query=%D0%B3%D1%80%D0%B5%D1%87%D0%BD%D0%B5%D0%B2%D0%B0%D1%8F+%D0%BA%D0%B0%D1%88%D0%B0&page=1 HTTP/1.1" 200 580 "http://calories365.loc/diary" "Mozilla/5.0 (Macintosh; Intel Mac OS X 10_15_7) AppleWebKit/537.36 (KHTML, like Gecko) Chrome/130.0.0.0 Safari/537.36"
192.168.65.1 - - [29/Oct/2024:14:07:19 +0000] "GET /api/products/search?query=%D0%B3%D1%80%D0%B5%D1%87%D0%BD%D0%B5%D0%B2%D0%B0%D1%8F+%D0%BA%D0%B0%D1%88%D0%B0&page=1 HTTP/1.1" 200 580 "http://calories365.loc/diary" "Mozilla/5.0 (Macintosh; Intel Mac OS X 10_15_7) AppleWebKit/537.36 (KHTML, like Gecko) Chrome/130.0.0.0 Safari/537.36"
192.168.65.1 - - [29/Oct/2024:14:07:25 +0000] "GET /api/products/search?query=%D0%B3%D1%80%D0%B5%D1%87%D0%BD%D0%B5%D0%B2%D0%B0%D1%8F+%D0%BA%D0%B0%D1%88%D0%B0&page=3 HTTP/1.1" 200 548 "http://calories365.loc/diary" "Mozilla/5.0 (Macintosh; Intel Mac OS X 10_15_7) AppleWebKit/537.36 (KHTML, like Gecko) Chrome/130.0.0.0 Safari/537.36"
192.168.65.1 - - [29/Oct/2024:14:07:26 +0000] "GET /api/products/search?query=%D0%B3%D1%80%D0%B5%D1%87%D0%BD%D0%B5%D0%B2%D0%B0%D1%8F+%D0%BA%D0%B0%D1%88%D0%B0&page=4 HTTP/1.1" 200 638 "http://calories365.loc/diary" "Mozilla/5.0 (Macintosh; Intel Mac OS X 10_15_7) AppleWebKit/537.36 (KHTML, like Gecko) Chrome/130.0.0.0 Safari/537.36"
172.19.0.5 - - [29/Oct/2024:14:15:36 +0000] "POST /api/webhook/bot/Calories365Test_bot HTTP/1.1" 200 51 "-" "-"
192.168.65.1 - - [29/Oct/2024:14:47:22 +0000] "GET /api/caloriesEndPoint HTTP/1.1" 200 490 "-" "Mozilla/5.0 (Macintosh; Intel Mac OS X 10_15_7) AppleWebKit/537.36 (KHTML, like Gecko) Chrome/130.0.0.0 Safari/537.36"
192.168.65.1 - - [29/Oct/2024:14:47:23 +0000] "GET /sanctum/csrf-cookie HTTP/1.1" 204 0 "http://calories365.loc/api/caloriesEndPoint" "Mozilla/5.0 (Macintosh; Intel Mac OS X 10_15_7) AppleWebKit/537.36 (KHTML, like Gecko) Chrome/130.0.0.0 Safari/537.36"
192.168.65.1 - - [29/Oct/2024:14:47:23 +0000] "GET /api/user HTTP/1.1" 200 113 "http://calories365.loc/api/caloriesEndPoint" "Mozilla/5.0 (Macintosh; Intel Mac OS X 10_15_7) AppleWebKit/537.36 (KHTML, like Gecko) Chrome/130.0.0.0 Safari/537.36"
192.168.65.1 - - [29/Oct/2024:14:47:31 +0000] "GET /caloriesEndPoint HTTP/1.1" 200 490 "-" "Mozilla/5.0 (Macintosh; Intel Mac OS X 10_15_7) AppleWebKit/537.36 (KHTML, like Gecko) Chrome/130.0.0.0 Safari/537.36"
192.168.65.1 - - [29/Oct/2024:14:47:31 +0000] "GET /sanctum/csrf-cookie HTTP/1.1" 204 0 "http://calories365.loc/caloriesEndPoint" "Mozilla/5.0 (Macintosh; Intel Mac OS X 10_15_7) AppleWebKit/537.36 (KHTML, like Gecko) Chrome/130.0.0.0 Safari/537.36"
192.168.65.1 - - [29/Oct/2024:14:47:31 +0000] "GET /api/user HTTP/1.1" 200 113 "http://calories365.loc/caloriesEndPoint" "Mozilla/5.0 (Macintosh; Intel Mac OS X 10_15_7) AppleWebKit/537.36 (KHTML, like Gecko) Chrome/130.0.0.0 Safari/537.36"
172.20.0.5 - - [29/Oct/2024:15:06:19 +0000] "GET /api/caloriesEndPoint HTTP/1.1" 200 994 "-" "curl/7.68.0"
172.20.0.6 - - [29/Oct/2024:15:07:46 +0000] "POST /api/caloriesEndPoint HTTP/1.1" 500 14483 "-" "GuzzleHttp/7"
172.19.0.5 - - [29/Oct/2024:15:07:46 +0000] "POST /api/webhook/bot/Calories365Test_bot HTTP/1.1" 200 51 "-" "-"
192.168.65.1 - - [29/Oct/2024:15:14:14 +0000] "GET /diary HTTP/1.1" 200 490 "http://calories365.loc/diary" "Mozilla/5.0 (Macintosh; Intel Mac OS X 10_15_7) AppleWebKit/537.36 (KHTML, like Gecko) Chrome/130.0.0.0 Safari/537.36"
192.168.65.1 - - [29/Oct/2024:15:14:14 +0000] "GET /caloriesEndPoint HTTP/1.1" 200 490 "http://calories365.loc/caloriesEndPoint" "Mozilla/5.0 (Macintosh; Intel Mac OS X 10_15_7) AppleWebKit/537.36 (KHTML, like Gecko) Chrome/130.0.0.0 Safari/537.36"
192.168.65.1 - - [29/Oct/2024:15:14:14 +0000] "GET /showBots/5 HTTP/1.1" 200 396 "http://bot-panel.loc/showBots/5" "Mozilla/5.0 (Macintosh; Intel Mac OS X 10_15_7) AppleWebKit/537.36 (KHTML, like Gecko) Chrome/130.0.0.0 Safari/537.36"
192.168.65.1 - - [29/Oct/2024:15:14:15 +0000] "GET /sanctum/csrf-cookie HTTP/1.1" 204 0 "http://bot-panel.loc/showBots/5" "Mozilla/5.0 (Macintosh; Intel Mac OS X 10_15_7) AppleWebKit/537.36 (KHTML, like Gecko) Chrome/130.0.0.0 Safari/537.36"
192.168.65.1 - - [29/Oct/2024:15:14:15 +0000] "GET /api/user HTTP/1.1" 200 107 "http://bot-panel.loc/showBots/5" "Mozilla/5.0 (Macintosh; Intel Mac OS X 10_15_7) AppleWebKit/537.36 (KHTML, like Gecko) Chrome/130.0.0.0 Safari/537.36"
192.168.65.1 - - [29/Oct/2024:15:14:15 +0000] "GET /images/icons8-calories-80.png HTTP/1.1" 200 1867 "http://calories365.loc/caloriesEndPoint" "Mozilla/5.0 (Macintosh; Intel Mac OS X 10_15_7) AppleWebKit/537.36 (KHTML, like Gecko) Chrome/130.0.0.0 Safari/537.36"
192.168.65.1 - - [29/Oct/2024:15:14:15 +0000] "GET /sanctum/csrf-cookie HTTP/1.1" 204 0 "http://calories365.loc/diary" "Mozilla/5.0 (Macintosh; Intel Mac OS X 10_15_7) AppleWebKit/537.36 (KHTML, like Gecko) Chrome/130.0.0.0 Safari/537.36"
192.168.65.1 - - [29/Oct/2024:15:14:15 +0000] "GET /images/icons8-calories-80.png HTTP/1.1" 200 1867 "http://calories365.loc/caloriesEndPoint" "Mozilla/5.0 (Macintosh; Intel Mac OS X 10_15_7) AppleWebKit/537.36 (KHTML, like Gecko) Chrome/130.0.0.0 Safari/537.36"
192.168.65.1 - - [29/Oct/2024:15:14:15 +0000] "GET /api/bots/5 HTTP/1.1" 200 402 "http://bot-panel.loc/showBots/5" "Mozilla/5.0 (Macintosh; Intel Mac OS X 10_15_7) AppleWebKit/537.36 (KHTML, like Gecko) Chrome/130.0.0.0 Safari/537.36"
192.168.65.1 - - [29/Oct/2024:15:14:15 +0000] "GET /sanctum/csrf-cookie HTTP/1.1" 204 0 "http://calories365.loc/caloriesEndPoint" "Mozilla/5.0 (Macintosh; Intel Mac OS X 10_15_7) AppleWebKit/537.36 (KHTML, like Gecko) Chrome/130.0.0.0 Safari/537.36"
192.168.65.1 - - [29/Oct/2024:15:14:15 +0000] "GET /api/user HTTP/1.1" 200 113 "http://calories365.loc/diary" "Mozilla/5.0 (Macintosh; Intel Mac OS X 10_15_7) AppleWebKit/537.36 (KHTML, like Gecko) Chrome/130.0.0.0 Safari/537.36"
192.168.65.1 - - [29/Oct/2024:15:14:15 +0000] "GET /api/get-bot-user-data/5 HTTP/1.1" 200 139 "http://bot-panel.loc/showBots/5" "Mozilla/5.0 (Macintosh; Intel Mac OS X 10_15_7) AppleWebKit/537.36 (KHTML, like Gecko) Chrome/130.0.0.0 Safari/537.36"
192.168.65.1 - - [29/Oct/2024:15:14:16 +0000] "GET /images/xo8aOkTgabFfthYY6y1vJXkenBK68KCJYZIgZqrb.png HTTP/1.1" 200 2363552 "http://bot-panel.loc/showBots/5" "Mozilla/5.0 (Macintosh; Intel Mac OS X 10_15_7) AppleWebKit/537.36 (KHTML, like Gecko) Chrome/130.0.0.0 Safari/537.36"
192.168.65.1 - - [29/Oct/2024:15:14:16 +0000] "GET /api/user HTTP/1.1" 200 113 "http://calories365.loc/caloriesEndPoint" "Mozilla/5.0 (Macintosh; Intel Mac OS X 10_15_7) AppleWebKit/537.36 (KHTML, like Gecko) Chrome/130.0.0.0 Safari/537.36"
192.168.65.1 - - [29/Oct/2024:15:14:16 +0000] "GET /api/meals/2024-10-29 HTTP/1.1" 200 33 "http://calories365.loc/diary" "Mozilla/5.0 (Macintosh; Intel Mac OS X 10_15_7) AppleWebKit/537.36 (KHTML, like Gecko) Chrome/130.0.0.0 Safari/537.36"
192.168.65.1 - - [29/Oct/2024:16:02:53 +0000] "GET /api/products/popular HTTP/1.1" 200 303 "http://calories365.loc/diary" "Mozilla/5.0 (Macintosh; Intel Mac OS X 10_15_7) AppleWebKit/537.36 (KHTML, like Gecko) Chrome/130.0.0.0 Safari/537.36"
192.168.65.1 - - [29/Oct/2024:16:02:56 +0000] "GET /api/products/search?query=%D0%BF%D0%B5%D0%BD%D1%87%D0%B8%D1%81&page=1 HTTP/1.1" 200 713 "http://calories365.loc/diary" "Mozilla/5.0 (Macintosh; Intel Mac OS X 10_15_7) AppleWebKit/537.36 (KHTML, like Gecko) Chrome/130.0.0.0 Safari/537.36"
192.168.65.1 - - [29/Oct/2024:16:03:03 +0000] "GET /api/products/search?query=%D1%8F%D0%B1%D0%BB%D0%BE%D1%83%D0%BE&page=1 HTTP/1.1" 200 512 "http://calories365.loc/diary" "Mozilla/5.0 (Macintosh; Intel Mac OS X 10_15_7) AppleWebKit/537.36 (KHTML, like Gecko) Chrome/130.0.0.0 Safari/537.36"
192.168.65.1 - - [29/Oct/2024:16:03:03 +0000] "GET /api/products/search?query=%D1%8F%D0%B1%D0%BB%D0%BE%D1%83%D0%BE&page=1 HTTP/1.1" 200 512 "http://calories365.loc/diary" "Mozilla/5.0 (Macintosh; Intel Mac OS X 10_15_7) AppleWebKit/537.36 (KHTML, like Gecko) Chrome/130.0.0.0 Safari/537.36"
192.168.65.1 - - [29/Oct/2024:16:03:06 +0000] "GET /api/products/search?query=%D1%8F%D0%B1%D0%BB%D0%BE%D0%BA%D0%BE&page=1 HTTP/1.1" 200 518 "http://calories365.loc/diary" "Mozilla/5.0 (Macintosh; Intel Mac OS X 10_15_7) AppleWebKit/537.36 (KHTML, like Gecko) Chrome/130.0.0.0 Safari/537.36"
192.168.65.1 - - [29/Oct/2024:16:03:06 +0000] "GET /api/products/search?query=%D1%8F%D0%B1%D0%BB%D0%BE%D0%BA%D0%BE&page=1 HTTP/1.1" 200 518 "http://calories365.loc/diary" "Mozilla/5.0 (Macintosh; Intel Mac OS X 10_15_7) AppleWebKit/537.36 (KHTML, like Gecko) Chrome/130.0.0.0 Safari/537.36"
172.20.0.6 - - [29/Oct/2024:16:04:20 +0000] "POST /api/caloriesEndPoint HTTP/1.1" 500 14034 "-" "GuzzleHttp/7"
172.19.0.5 - - [29/Oct/2024:16:04:20 +0000] "POST /api/webhook/bot/Calories365Test_bot HTTP/1.1" 200 51 "-" "-"
172.20.0.6 - - [29/Oct/2024:16:05:32 +0000] "POST /api/caloriesEndPoint HTTP/1.1" 200 658 "-" "GuzzleHttp/7"
172.19.0.5 - - [29/Oct/2024:16:05:32 +0000] "POST /api/webhook/bot/Calories365Test_bot HTTP/1.1" 200 51 "-" "-"
172.20.0.6 - - [29/Oct/2024:16:05:59 +0000] "POST /api/caloriesEndPoint HTTP/1.1" 200 707 "-" "GuzzleHttp/7"
172.19.0.5 - - [29/Oct/2024:16:05:59 +0000] "POST /api/webhook/bot/Calories365Test_bot HTTP/1.1" 200 51 "-" "-"
192.168.65.1 - - [29/Oct/2024:16:06:27 +0000] "GET /diary HTTP/1.1" 200 490 "http://calories365.loc/diary" "Mozilla/5.0 (Macintosh; Intel Mac OS X 10_15_7) AppleWebKit/537.36 (KHTML, like Gecko) Chrome/130.0.0.0 Safari/537.36"
192.168.65.1 - - [29/Oct/2024:16:06:27 +0000] "GET /caloriesEndPoint HTTP/1.1" 200 490 "http://calories365.loc/caloriesEndPoint" "Mozilla/5.0 (Macintosh; Intel Mac OS X 10_15_7) AppleWebKit/537.36 (KHTML, like Gecko) Chrome/130.0.0.0 Safari/537.36"
192.168.65.1 - - [29/Oct/2024:16:06:27 +0000] "GET /showBots/5 HTTP/1.1" 200 396 "http://bot-panel.loc/showBots/5" "Mozilla/5.0 (Macintosh; Intel Mac OS X 10_15_7) AppleWebKit/537.36 (KHTML, like Gecko) Chrome/130.0.0.0 Safari/537.36"
192.168.65.1 - - [29/Oct/2024:16:06:28 +0000] "GET /sanctum/csrf-cookie HTTP/1.1" 204 0 "http://bot-panel.loc/showBots/5" "Mozilla/5.0 (Macintosh; Intel Mac OS X 10_15_7) AppleWebKit/537.36 (KHTML, like Gecko) Chrome/130.0.0.0 Safari/537.36"
192.168.65.1 - - [29/Oct/2024:16:06:28 +0000] "GET /api/user HTTP/1.1" 200 107 "http://bot-panel.loc/showBots/5" "Mozilla/5.0 (Macintosh; Intel Mac OS X 10_15_7) AppleWebKit/537.36 (KHTML, like Gecko) Chrome/130.0.0.0 Safari/537.36"
192.168.65.1 - - [29/Oct/2024:16:06:28 +0000] "GET /api/bots/5 HTTP/1.1" 200 402 "http://bot-panel.loc/showBots/5" "Mozilla/5.0 (Macintosh; Intel Mac OS X 10_15_7) AppleWebKit/537.36 (KHTML, like Gecko) Chrome/130.0.0.0 Safari/537.36"
192.168.65.1 - - [29/Oct/2024:16:06:28 +0000] "GET /images/xo8aOkTgabFfthYY6y1vJXkenBK68KCJYZIgZqrb.png HTTP/1.1" 200 2363513 "http://bot-panel.loc/showBots/5" "Mozilla/5.0 (Macintosh; Intel Mac OS X 10_15_7) AppleWebKit/537.36 (KHTML, like Gecko) Chrome/130.0.0.0 Safari/537.36"
192.168.65.1 - - [29/Oct/2024:16:06:28 +0000] "GET /api/get-bot-user-data/5 HTTP/1.1" 200 139 "http://bot-panel.loc/showBots/5" "Mozilla/5.0 (Macintosh; Intel Mac OS X 10_15_7) AppleWebKit/537.36 (KHTML, like Gecko) Chrome/130.0.0.0 Safari/537.36"
192.168.65.1 - - [29/Oct/2024:16:06:28 +0000] "GET /images/icons8-calories-80.png HTTP/1.1" 200 1867 "http://calories365.loc/caloriesEndPoint" "Mozilla/5.0 (Macintosh; Intel Mac OS X 10_15_7) AppleWebKit/537.36 (KHTML, like Gecko) Chrome/130.0.0.0 Safari/537.36"
192.168.65.1 - - [29/Oct/2024:16:06:29 +0000] "GET /sanctum/csrf-cookie HTTP/1.1" 204 0 "http://calories365.loc/diary" "Mozilla/5.0 (Macintosh; Intel Mac OS X 10_15_7) AppleWebKit/537.36 (KHTML, like Gecko) Chrome/130.0.0.0 Safari/537.36"
192.168.65.1 - - [29/Oct/2024:16:06:29 +0000] "GET /sanctum/csrf-cookie HTTP/1.1" 204 0 "http://calories365.loc/caloriesEndPoint" "Mozilla/5.0 (Macintosh; Intel Mac OS X 10_15_7) AppleWebKit/537.36 (KHTML, like Gecko) Chrome/130.0.0.0 Safari/537.36"
192.168.65.1 - - [29/Oct/2024:16:06:29 +0000] "GET /api/user HTTP/1.1" 200 113 "http://calories365.loc/diary" "Mozilla/5.0 (Macintosh; Intel Mac OS X 10_15_7) AppleWebKit/537.36 (KHTML, like Gecko) Chrome/130.0.0.0 Safari/537.36"
192.168.65.1 - - [29/Oct/2024:16:06:29 +0000] "GET /images/icons8-calories-80.png HTTP/1.1" 200 1867 "http://calories365.loc/caloriesEndPoint" "Mozilla/5.0 (Macintosh; Intel Mac OS X 10_15_7) AppleWebKit/537.36 (KHTML, like Gecko) Chrome/130.0.0.0 Safari/537.36"
192.168.65.1 - - [29/Oct/2024:16:06:29 +0000] "GET /api/user HTTP/1.1" 200 113 "http://calories365.loc/caloriesEndPoint" "Mozilla/5.0 (Macintosh; Intel Mac OS X 10_15_7) AppleWebKit/537.36 (KHTML, like Gecko) Chrome/130.0.0.0 Safari/537.36"
192.168.65.1 - - [29/Oct/2024:16:06:29 +0000] "GET /api/meals/2024-10-29 HTTP/1.1" 200 33 "http://calories365.loc/diary" "Mozilla/5.0 (Macintosh; Intel Mac OS X 10_15_7) AppleWebKit/537.36 (KHTML, like Gecko) Chrome/130.0.0.0 Safari/537.36"
172.20.0.6 - - [29/Oct/2024:16:54:21 +0000] "POST /api/caloriesEndPoint HTTP/1.1" 500 14034 "-" "GuzzleHttp/7"
172.19.0.5 - - [29/Oct/2024:16:54:21 +0000] "POST /api/webhook/bot/Calories365Test_bot HTTP/1.1" 200 51 "-" "-"
172.20.0.6 - - [29/Oct/2024:16:55:50 +0000] "POST /api/caloriesEndPoint HTTP/1.1" 200 1126 "-" "GuzzleHttp/7"
172.19.0.5 - - [29/Oct/2024:16:55:50 +0000] "POST /api/webhook/bot/Calories365Test_bot HTTP/1.1" 200 51 "-" "-"
172.20.0.6 - - [29/Oct/2024:17:04:48 +0000] "POST /api/caloriesEndPoint HTTP/1.1" 200 1233 "-" "GuzzleHttp/7"
172.19.0.5 - - [29/Oct/2024:17:04:48 +0000] "POST /api/webhook/bot/Calories365Test_bot HTTP/1.1" 200 51 "-" "-"
172.20.0.6 - - [29/Oct/2024:17:17:21 +0000] "POST /api/caloriesEndPoint HTTP/1.1" 200 585 "-" "GuzzleHttp/7"
172.19.0.5 - - [29/Oct/2024:17:17:21 +0000] "POST /api/webhook/bot/Calories365Test_bot HTTP/1.1" 200 51 "-" "-"
172.20.0.6 - - [29/Oct/2024:17:18:05 +0000] "POST /api/caloriesEndPoint HTTP/1.1" 200 1774 "-" "GuzzleHttp/7"
172.19.0.5 - - [29/Oct/2024:17:18:05 +0000] "POST /api/webhook/bot/Calories365Test_bot HTTP/1.1" 200 51 "-" "-"
192.168.65.1 - - [29/Oct/2024:17:18:49 +0000] "GET /api/products/popular HTTP/1.1" 200 303 "http://calories365.loc/diary" "Mozilla/5.0 (Macintosh; Intel Mac OS X 10_15_7) AppleWebKit/537.36 (KHTML, like Gecko) Chrome/130.0.0.0 Safari/537.36"
192.168.65.1 - - [29/Oct/2024:17:18:51 +0000] "GET /api/products/search?query=%D1%8F%D0%B1%D0%BB%D0%BE%D0%BA&page=1 HTTP/1.1" 200 537 "http://calories365.loc/diary" "Mozilla/5.0 (Macintosh; Intel Mac OS X 10_15_7) AppleWebKit/537.36 (KHTML, like Gecko) Chrome/130.0.0.0 Safari/537.36"
192.168.65.1 - - [29/Oct/2024:17:18:57 +0000] "GET /api/products/search?query=%D1%8F%D0%B1%D0%BB%D0%BE%D0%BA%D0%B8&page=1 HTTP/1.1" 200 643 "http://calories365.loc/diary" "Mozilla/5.0 (Macintosh; Intel Mac OS X 10_15_7) AppleWebKit/537.36 (KHTML, like Gecko) Chrome/130.0.0.0 Safari/537.36"
192.168.65.1 - - [29/Oct/2024:17:18:57 +0000] "GET /api/products/search?query=%D1%8F%D0%B1%D0%BB%D0%BE%D0%BA%D0%B8&page=1 HTTP/1.1" 200 643 "http://calories365.loc/diary" "Mozilla/5.0 (Macintosh; Intel Mac OS X 10_15_7) AppleWebKit/537.36 (KHTML, like Gecko) Chrome/130.0.0.0 Safari/537.36"
172.19.0.5 - - [29/Oct/2024:17:21:14 +0000] "POST /api/webhook/bot/Calories365Test_bot HTTP/1.1" 500 1142882 "-" "-"
172.20.0.6 - - [29/Oct/2024:17:21:30 +0000] "POST /api/caloriesEndPoint HTTP/1.1" 200 1627 "-" "GuzzleHttp/7"
172.19.0.5 - - [29/Oct/2024:17:21:30 +0000] "POST /api/webhook/bot/Calories365Test_bot HTTP/1.1" 200 51 "-" "-"
172.19.0.5 - - [29/Oct/2024:17:30:16 +0000] "POST /api/webhook/bot/Calories365Test_bot HTTP/1.1" 200 51 "-" "-"
172.20.0.6 - - [29/Oct/2024:17:32:23 +0000] "POST /api/caloriesEndPoint HTTP/1.1" 200 1654 "-" "GuzzleHttp/7"
172.19.0.5 - - [29/Oct/2024:17:32:23 +0000] "POST /api/webhook/bot/Calories365Test_bot HTTP/1.1" 200 51 "-" "-"
192.168.65.1 - - [29/Oct/2024:17:35:00 +0000] "GET /showBots/5 HTTP/1.1" 200 396 "http://bot-panel.loc/showBots/5" "Mozilla/5.0 (Macintosh; Intel Mac OS X 10_15_7) AppleWebKit/537.36 (KHTML, like Gecko) Chrome/130.0.0.0 Safari/537.36"
192.168.65.1 - - [29/Oct/2024:17:35:00 +0000] "GET /diary HTTP/1.1" 200 490 "http://calories365.loc/diary" "Mozilla/5.0 (Macintosh; Intel Mac OS X 10_15_7) AppleWebKit/537.36 (KHTML, like Gecko) Chrome/130.0.0.0 Safari/537.36"
192.168.65.1 - - [29/Oct/2024:17:35:00 +0000] "GET /caloriesEndPoint HTTP/1.1" 200 490 "http://calories365.loc/caloriesEndPoint" "Mozilla/5.0 (Macintosh; Intel Mac OS X 10_15_7) AppleWebKit/537.36 (KHTML, like Gecko) Chrome/130.0.0.0 Safari/537.36"
192.168.65.1 - - [29/Oct/2024:17:35:00 +0000] "GET /sanctum/csrf-cookie HTTP/1.1" 204 0 "http://bot-panel.loc/showBots/5" "Mozilla/5.0 (Macintosh; Intel Mac OS X 10_15_7) AppleWebKit/537.36 (KHTML, like Gecko) Chrome/130.0.0.0 Safari/537.36"
192.168.65.1 - - [29/Oct/2024:17:35:00 +0000] "GET /api/user HTTP/1.1" 200 107 "http://bot-panel.loc/showBots/5" "Mozilla/5.0 (Macintosh; Intel Mac OS X 10_15_7) AppleWebKit/537.36 (KHTML, like Gecko) Chrome/130.0.0.0 Safari/537.36"
192.168.65.1 - - [29/Oct/2024:17:35:00 +0000] "GET /api/bots/5 HTTP/1.1" 200 402 "http://bot-panel.loc/showBots/5" "Mozilla/5.0 (Macintosh; Intel Mac OS X 10_15_7) AppleWebKit/537.36 (KHTML, like Gecko) Chrome/130.0.0.0 Safari/537.36"
192.168.65.1 - - [29/Oct/2024:17:35:00 +0000] "GET /api/get-bot-user-data/5 HTTP/1.1" 200 139 "http://bot-panel.loc/showBots/5" "Mozilla/5.0 (Macintosh; Intel Mac OS X 10_15_7) AppleWebKit/537.36 (KHTML, like Gecko) Chrome/130.0.0.0 Safari/537.36"
192.168.65.1 - - [29/Oct/2024:17:35:00 +0000] "GET /sanctum/csrf-cookie HTTP/1.1" 204 0 "http://calories365.loc/diary" "Mozilla/5.0 (Macintosh; Intel Mac OS X 10_15_7) AppleWebKit/537.36 (KHTML, like Gecko) Chrome/130.0.0.0 Safari/537.36"
192.168.65.1 - - [29/Oct/2024:17:35:01 +0000] "GET /images/xo8aOkTgabFfthYY6y1vJXkenBK68KCJYZIgZqrb.png HTTP/1.1" 200 2363601 "http://bot-panel.loc/showBots/5" "Mozilla/5.0 (Macintosh; Intel Mac OS X 10_15_7) AppleWebKit/537.36 (KHTML, like Gecko) Chrome/130.0.0.0 Safari/537.36"
192.168.65.1 - - [29/Oct/2024:17:35:01 +0000] "GET /api/user HTTP/1.1" 200 113 "http://calories365.loc/diary" "Mozilla/5.0 (Macintosh; Intel Mac OS X 10_15_7) AppleWebKit/537.36 (KHTML, like Gecko) Chrome/130.0.0.0 Safari/537.36"
192.168.65.1 - - [29/Oct/2024:17:35:01 +0000] "GET /images/icons8-calories-80.png HTTP/1.1" 200 1867 "http://calories365.loc/caloriesEndPoint" "Mozilla/5.0 (Macintosh; Intel Mac OS X 10_15_7) AppleWebKit/537.36 (KHTML, like Gecko) Chrome/130.0.0.0 Safari/537.36"
192.168.65.1 - - [29/Oct/2024:17:35:01 +0000] "GET /sanctum/csrf-cookie HTTP/1.1" 204 0 "http://calories365.loc/caloriesEndPoint" "Mozilla/5.0 (Macintosh; Intel Mac OS X 10_15_7) AppleWebKit/537.36 (KHTML, like Gecko) Chrome/130.0.0.0 Safari/537.36"
192.168.65.1 - - [29/Oct/2024:17:35:01 +0000] "GET /api/meals/2024-10-29 HTTP/1.1" 200 33 "http://calories365.loc/diary" "Mozilla/5.0 (Macintosh; Intel Mac OS X 10_15_7) AppleWebKit/537.36 (KHTML, like Gecko) Chrome/130.0.0.0 Safari/537.36"
192.168.65.1 - - [29/Oct/2024:17:35:01 +0000] "GET /images/icons8-calories-80.png HTTP/1.1" 200 1867 "http://calories365.loc/caloriesEndPoint" "Mozilla/5.0 (Macintosh; Intel Mac OS X 10_15_7) AppleWebKit/537.36 (KHTML, like Gecko) Chrome/130.0.0.0 Safari/537.36"
192.168.65.1 - - [29/Oct/2024:17:35:01 +0000] "GET /api/user HTTP/1.1" 200 113 "http://calories365.loc/caloriesEndPoint" "Mozilla/5.0 (Macintosh; Intel Mac OS X 10_15_7) AppleWebKit/537.36 (KHTML, like Gecko) Chrome/130.0.0.0 Safari/537.36"
192.168.65.1 - - [29/Oct/2024:18:01:20 +0000] "GET /caloriesEndPoint HTTP/1.1" 200 490 "http://calories365.loc/caloriesEndPoint" "Mozilla/5.0 (Macintosh; Intel Mac OS X 10_15_7) AppleWebKit/537.36 (KHTML, like Gecko) Chrome/130.0.0.0 Safari/537.36"
192.168.65.1 - - [29/Oct/2024:18:01:20 +0000] "GET /diary HTTP/1.1" 200 490 "http://calories365.loc/diary" "Mozilla/5.0 (Macintosh; Intel Mac OS X 10_15_7) AppleWebKit/537.36 (KHTML, like Gecko) Chrome/130.0.0.0 Safari/537.36"
192.168.65.1 - - [29/Oct/2024:18:01:20 +0000] "GET /showBots/5 HTTP/1.1" 200 396 "http://bot-panel.loc/showBots/5" "Mozilla/5.0 (Macintosh; Intel Mac OS X 10_15_7) AppleWebKit/537.36 (KHTML, like Gecko) Chrome/130.0.0.0 Safari/537.36"
192.168.65.1 - - [29/Oct/2024:18:01:21 +0000] "GET /sanctum/csrf-cookie HTTP/1.1" 204 0 "http://bot-panel.loc/showBots/5" "Mozilla/5.0 (Macintosh; Intel Mac OS X 10_15_7) AppleWebKit/537.36 (KHTML, like Gecko) Chrome/130.0.0.0 Safari/537.36"
192.168.65.1 - - [29/Oct/2024:18:01:21 +0000] "GET /api/user HTTP/1.1" 200 107 "http://bot-panel.loc/showBots/5" "Mozilla/5.0 (Macintosh; Intel Mac OS X 10_15_7) AppleWebKit/537.36 (KHTML, like Gecko) Chrome/130.0.0.0 Safari/537.36"
192.168.65.1 - - [29/Oct/2024:18:01:21 +0000] "GET /sanctum/csrf-cookie HTTP/1.1" 204 0 "http://calories365.loc/diary" "Mozilla/5.0 (Macintosh; Intel Mac OS X 10_15_7) AppleWebKit/537.36 (KHTML, like Gecko) Chrome/130.0.0.0 Safari/537.36"
192.168.65.1 - - [29/Oct/2024:18:01:21 +0000] "GET /api/bots/5 HTTP/1.1" 200 402 "http://bot-panel.loc/showBots/5" "Mozilla/5.0 (Macintosh; Intel Mac OS X 10_15_7) AppleWebKit/537.36 (KHTML, like Gecko) Chrome/130.0.0.0 Safari/537.36"
192.168.65.1 - - [29/Oct/2024:18:01:21 +0000] "GET /images/icons8-calories-80.png HTTP/1.1" 200 1867 "http://calories365.loc/caloriesEndPoint" "Mozilla/5.0 (Macintosh; Intel Mac OS X 10_15_7) AppleWebKit/537.36 (KHTML, like Gecko) Chrome/130.0.0.0 Safari/537.36"
192.168.65.1 - - [29/Oct/2024:18:01:21 +0000] "GET /api/user HTTP/1.1" 200 113 "http://calories365.loc/diary" "Mozilla/5.0 (Macintosh; Intel Mac OS X 10_15_7) AppleWebKit/537.36 (KHTML, like Gecko) Chrome/130.0.0.0 Safari/537.36"
192.168.65.1 - - [29/Oct/2024:18:01:21 +0000] "GET /images/icons8-calories-80.png HTTP/1.1" 200 1867 "http://calories365.loc/caloriesEndPoint" "Mozilla/5.0 (Macintosh; Intel Mac OS X 10_15_7) AppleWebKit/537.36 (KHTML, like Gecko) Chrome/130.0.0.0 Safari/537.36"
192.168.65.1 - - [29/Oct/2024:18:01:21 +0000] "GET /sanctum/csrf-cookie HTTP/1.1" 204 0 "http://calories365.loc/caloriesEndPoint" "Mozilla/5.0 (Macintosh; Intel Mac OS X 10_15_7) AppleWebKit/537.36 (KHTML, like Gecko) Chrome/130.0.0.0 Safari/537.36"
192.168.65.1 - - [29/Oct/2024:18:01:21 +0000] "GET /images/xo8aOkTgabFfthYY6y1vJXkenBK68KCJYZIgZqrb.png HTTP/1.1" 200 2363544 "http://bot-panel.loc/showBots/5" "Mozilla/5.0 (Macintosh; Intel Mac OS X 10_15_7) AppleWebKit/537.36 (KHTML, like Gecko) Chrome/130.0.0.0 Safari/537.36"
192.168.65.1 - - [29/Oct/2024:18:01:21 +0000] "GET /api/get-bot-user-data/5 HTTP/1.1" 200 139 "http://bot-panel.loc/showBots/5" "Mozilla/5.0 (Macintosh; Intel Mac OS X 10_15_7) AppleWebKit/537.36 (KHTML, like Gecko) Chrome/130.0.0.0 Safari/537.36"
192.168.65.1 - - [29/Oct/2024:18:01:21 +0000] "GET /api/meals/2024-10-29 HTTP/1.1" 200 33 "http://calories365.loc/diary" "Mozilla/5.0 (Macintosh; Intel Mac OS X 10_15_7) AppleWebKit/537.36 (KHTML, like Gecko) Chrome/130.0.0.0 Safari/537.36"
192.168.65.1 - - [29/Oct/2024:18:01:21 +0000] "GET /api/user HTTP/1.1" 200 113 "http://calories365.loc/caloriesEndPoint" "Mozilla/5.0 (Macintosh; Intel Mac OS X 10_15_7) AppleWebKit/537.36 (KHTML, like Gecko) Chrome/130.0.0.0 Safari/537.36"
192.168.65.1 - - [29/Oct/2024:20:42:56 +0000] "GET /diary HTTP/1.1" 200 490 "http://calories365.loc/diary" "Mozilla/5.0 (Macintosh; Intel Mac OS X 10_15_7) AppleWebKit/537.36 (KHTML, like Gecko) Chrome/130.0.0.0 Safari/537.36"
192.168.65.1 - - [29/Oct/2024:20:42:56 +0000] "GET /caloriesEndPoint HTTP/1.1" 200 490 "http://calories365.loc/caloriesEndPoint" "Mozilla/5.0 (Macintosh; Intel Mac OS X 10_15_7) AppleWebKit/537.36 (KHTML, like Gecko) Chrome/130.0.0.0 Safari/537.36"
192.168.65.1 - - [29/Oct/2024:20:42:56 +0000] "GET /showBots/5 HTTP/1.1" 200 396 "http://bot-panel.loc/showBots/5" "Mozilla/5.0 (Macintosh; Intel Mac OS X 10_15_7) AppleWebKit/537.36 (KHTML, like Gecko) Chrome/130.0.0.0 Safari/537.36"
192.168.65.1 - - [29/Oct/2024:20:42:56 +0000] "GET /sanctum/csrf-cookie HTTP/1.1" 204 0 "http://bot-panel.loc/showBots/5" "Mozilla/5.0 (Macintosh; Intel Mac OS X 10_15_7) AppleWebKit/537.36 (KHTML, like Gecko) Chrome/130.0.0.0 Safari/537.36"
192.168.65.1 - - [29/Oct/2024:20:42:56 +0000] "GET /api/user HTTP/1.1" 401 41 "http://bot-panel.loc/showBots/5" "Mozilla/5.0 (Macintosh; Intel Mac OS X 10_15_7) AppleWebKit/537.36 (KHTML, like Gecko) Chrome/130.0.0.0 Safari/537.36"
